// Jest Snapshot v1, https://goo.gl/fbAQLP

exports[`Compiles CSS within webpack 1`] = `
Object {
  "status": 0,
  "stdall": "
[__:__:__] Starting Crafty __version__...
[__:__:__] Files will be stored in:
            css: __PATH__/packages/integration/fixtures/crafty-preset-postcss-webpack/compiles/dist/css
           js: __PATH__/packages/integration/fixtures/crafty-preset-postcss-webpack/compiles/dist/js
[__:__:__] Starting 'default' ...
[__:__:__] Starting 'js' ...
[__:__:__] Starting 'js_myBundle' ...
  size  name     module                           status
  1 kB  0        multi ./js/app.js                built
  1 kB  1        ./css/style.scss                 built
  1 kB  3        postcss-loader!./css/style.scss  built
  1 kB  5        ./js/app.js + 1 modules          built

  size  name     asset                            status
  1 kB  default  myBundle.min.js                  emitted
  1 kB  default  myBundle.min.js.map              emitted

  (2 modules hidden)

  Compiled successfully!
  Δt ____ms

[__:__:__] Finished 'js_myBundle' after ____ ms
[__:__:__] Finished 'js' after ____ ms
[__:__:__] Finished 'default' after ____ ms
",
}
`;

exports[`Compiles CSS within webpack 2`] = `
"(function(e,n){if(\\"object\\"===typeof exports&&\\"object\\"===typeof module)module.exports=n();else if(\\"function\\"===typeof define&&define.amd)define([],n);else{var t=n();for(var r in t)(\\"object\\"===typeof exports?exports:e)[r]=t[r]}})(window,(function(){return function(e){var n={};function t(r){if(n[r])return n[r].exports;var o=n[r]={i:r,l:false,exports:{}};return e[r].call(o.exports,o,o.exports,t),o.l=true,o.exports}return t.m=e,t.c=n,t.d=function(e,n,r){t.o(e,n)||Object.defineProperty(e,n,{enumerable:true,get:r})},t.r=function(e){\\"undefined\\"!==typeof Symbol&&Symbol.toStringTag&&Object.defineProperty(e,Symbol.toStringTag,{value:\\"Module\\"}),Object.defineProperty(e,\\"__esModule\\",{value:true})},t.t=function(e,n){if(1&n&&(e=t(e)),8&n)return e;if(4&n&&\\"object\\"===typeof e&&e&&e.__esModule)return e;var r=Object.create(null);if(t.r(r),Object.defineProperty(r,\\"default\\",{enumerable:true,value:e}),2&n&&\\"string\\"!=typeof e)for(var o in e)t.d(r,o,function(n){return e[n]}.bind(null,o));return r},t.n=function(e){var n=e&&e.__esModule?function(){return e.default}:function(){return e};return t.d(n,\\"a\\",n),n},t.o=function(e,n){return Object.prototype.hasOwnProperty.call(e,n)},t.p=\\"\\",t(t.s=0)}([function(e,n,t){e.exports=t(5)},function(e,n,t){var r=t(2);var o=t(3);o=o.__esModule?o.default:o,\\"string\\"===typeof o&&(o=[[e.i,o,\\"\\"]]);var a={};a.insert=\\"head\\",a.singleton=false;r(e.i,o,a);var i=o.locals?o.locals:{};e.exports=i},function(e,n,t){\\"use strict\\";var r=function(){var e;return function(){return\\"undefined\\"===typeof e&&(e=Boolean(window&&document&&document.all&&!window.atob)),e}}();var o=function(){var e={};return function(n){if(\\"undefined\\"===typeof e[n]){var t=document.querySelector(n);if(window.HTMLIFrameElement&&t instanceof window.HTMLIFrameElement)try{t=t.contentDocument.head}catch(e){t=null}e[n]=t}return e[n]}}();var a={};function i(e,n,t){for(var r=0;r<n.length;r++){var o={css:n[r][1],media:n[r][2],sourceMap:n[r][3]};a[e][r]?a[e][r](o):a[e].push(v(o,t))}}function u(e){var n=document.createElement(\\"style\\");var r=e.attributes||{};if(\\"undefined\\"===typeof r.nonce){var a=t.nc;a&&(r.nonce=a)}if(Object.keys(r).forEach((function(e){n.setAttribute(e,r[e])})),\\"function\\"===typeof e.insert)e.insert(n);else{var i=o(e.insert||\\"head\\");if(!i)throw new Error(\\"Couldn't find a style target. This probably means that the value for the 'insert' parameter is invalid.\\");i.appendChild(n)}return n}function c(e){if(null===e.parentNode)return false;e.parentNode.removeChild(e)}var f=function(){var e=[];return function(n,t){return e[n]=t,e.filter(Boolean).join(\\"\\\\n\\")}}();function l(e,n,t,r){var o=t?\\"\\":r.css;if(e.styleSheet)e.styleSheet.cssText=f(n,o);else{var a=document.createTextNode(o);var i=e.childNodes;i[n]&&e.removeChild(i[n]),i.length?e.insertBefore(a,i[n]):e.appendChild(a)}}function s(e,n,t){var r=t.css;var o=t.media;var a=t.sourceMap;if(o?e.setAttribute(\\"media\\",o):e.removeAttribute(\\"media\\"),a&&btoa&&(r+=\\"\\\\n/*# sourceMappingURL=data:application/json;base64,\\".concat(btoa(unescape(encodeURIComponent(JSON.stringify(a)))),\\" */\\")),e.styleSheet)e.styleSheet.cssText=r;else{while(e.firstChild)e.removeChild(e.firstChild);e.appendChild(document.createTextNode(r))}}var d=null;var p=0;function v(e,n){var t;var r;var o;if(n.singleton){var a=p++;t=d||(d=u(n)),r=l.bind(null,t,a,false),o=l.bind(null,t,a,true)}else t=u(n),r=s.bind(null,t,n),o=function(){c(t)};return r(e),function(n){if(n){if(n.css===e.css&&n.media===e.media&&n.sourceMap===e.sourceMap)return;r(e=n)}else o()}}e.exports=function(e,n,t){return t=t||{},t.singleton||\\"boolean\\"===typeof t.singleton||(t.singleton=r()),e=t.base?e+t.base:e,n=n||[],a[e]||(a[e]=[]),i(e,n,t),function(n){if(n=n||[],\\"[object Array]\\"!==Object.prototype.toString.call(n))return;a[e]||(a[e]=[]),i(e,n,t);for(var r=n.length;r<a[e].length;r++)a[e][r]();a[e].length=n.length,0===a[e].length&&delete a[e]}}},function(e,n,t){var r=t(4);n=r(false),n.push([e.i,\\"a{color:#00f}.Child{background:#000}.Parent{background:#fff}.Parent--before{color:#333}.Parent--after{color:#eee}.Button{color:orange}.Menu{width:800px}.MenuLink{color:red;background:#056ef0;width:200px}\\",\\"\\"]),e.exports=n},function(e,n,t){\\"use strict\\";function r(e,n){var t=e[1]||\\"\\";var r=e[3];if(!r)return t;if(n&&\\"function\\"===typeof btoa){var a=o(r);var i=r.sources.map((function(e){return\\"/*# sourceURL=\\".concat(r.sourceRoot||\\"\\").concat(e,\\" */\\")}));return[t].concat(i).concat([a]).join(\\"\\\\n\\")}return[t].join(\\"\\\\n\\")}function o(e){var n=btoa(unescape(encodeURIComponent(JSON.stringify(e))));var t=\\"sourceMappingURL=data:application/json;charset=utf-8;base64,\\".concat(n);return\\"/*# \\".concat(t,\\" */\\")}e.exports=function(e){var n=[];return n.toString=function(){return this.map((function(n){var t=r(n,e);if(n[2])return\\"@media \\".concat(n[2],\\" {\\").concat(t,\\"}\\");return t})).join(\\"\\")},n.i=function(e,t){\\"string\\"===typeof e&&(e=[[null,e,\\"\\"]]);for(var r=0;r<e.length;r++){var o=[].concat(e[r]);t&&(o[2]?o[2]=\\"\\".concat(t,\\" and \\").concat(o[2]):o[2]=t),n.push(o)}},n}},function(e,n,t){\\"use strict\\";function r(e,n){if(!(e instanceof n))throw new TypeError(\\"Cannot call a class as a function\\")}t.r(n);t(1);t.d(n,\\"default\\",(function(){return o}));var o=function e(){r(this,e)}}])}));
//# sourceMappingURL=myBundle.min.js.map"
`;

exports[`Compiles CSS within webpack, extracts CSS ('extractCSS' boolean option) 1`] = `
Object {
  "status": 0,
  "stdall": "
[__:__:__] Starting Crafty __version__...
[__:__:__] Files will be stored in:
            css: __PATH__/packages/integration/fixtures/crafty-preset-postcss-webpack/extract-boolean/dist/css
           js: __PATH__/packages/integration/fixtures/crafty-preset-postcss-webpack/extract-boolean/dist/js
[__:__:__] Starting 'default' ...
[__:__:__] Starting 'js' ...
[__:__:__] Starting 'js_myBundle' ...
  size  name     module                        status
  1 kB  0        multi ./js/app.js             built
  1 kB  1        ./css/style.scss              built
  1 kB  2        ./js/app.js + 1 modules       built

  size  name     asset                         status
  1 kB  default  myBundle-default.min.css      emitted
  1 kB  default  myBundle-default.min.css.map  emitted
  1 kB  default  myBundle.min.js               emitted
  1 kB  default  myBundle.min.js.map           emitted

  (1 module hidden)

  Compiled successfully!
  Δt ____ms

[__:__:__] Finished 'js_myBundle' after ____ ms
[__:__:__] Finished 'js' after ____ ms
[__:__:__] Finished 'default' after ____ ms
",
}
`;

exports[`Compiles CSS within webpack, extracts CSS ('extractCSS' boolean option) 2`] = `
"(function(e,t){if(\\"object\\"===typeof exports&&\\"object\\"===typeof module)module.exports=t();else if(\\"function\\"===typeof define&&define.amd)define([],t);else{var n=t();for(var r in n)(\\"object\\"===typeof exports?exports:e)[r]=n[r]}})(window,(function(){return function(e){var t={};function n(r){if(t[r])return t[r].exports;var o=t[r]={i:r,l:false,exports:{}};return e[r].call(o.exports,o,o.exports,n),o.l=true,o.exports}return n.m=e,n.c=t,n.d=function(e,t,r){n.o(e,t)||Object.defineProperty(e,t,{enumerable:true,get:r})},n.r=function(e){\\"undefined\\"!==typeof Symbol&&Symbol.toStringTag&&Object.defineProperty(e,Symbol.toStringTag,{value:\\"Module\\"}),Object.defineProperty(e,\\"__esModule\\",{value:true})},n.t=function(e,t){if(1&t&&(e=n(e)),8&t)return e;if(4&t&&\\"object\\"===typeof e&&e&&e.__esModule)return e;var r=Object.create(null);if(n.r(r),Object.defineProperty(r,\\"default\\",{enumerable:true,value:e}),2&t&&\\"string\\"!=typeof e)for(var o in e)n.d(r,o,function(t){return e[t]}.bind(null,o));return r},n.n=function(e){var t=e&&e.__esModule?function(){return e.default}:function(){return e};return n.d(t,\\"a\\",t),t},n.o=function(e,t){return Object.prototype.hasOwnProperty.call(e,t)},n.p=\\"\\",n(n.s=0)}([function(e,t,n){e.exports=n(2)},function(e,t,n){},function(e,t,n){\\"use strict\\";function r(e,t){if(!(e instanceof t))throw new TypeError(\\"Cannot call a class as a function\\")}n.r(t);n(1);n.d(t,\\"default\\",(function(){return o}));var o=function e(){r(this,e)}}])}));
//# sourceMappingURL=myBundle.min.js.map"
`;

exports[`Compiles CSS within webpack, extracts CSS ('extractCSS' boolean option) 3`] = `
"a{color:#00f}.Child{background:#000}.Parent{background:#fff}.Parent--before{color:#333}.Parent--after{color:#eee}.Button{color:orange}.Menu{width:800px}.MenuLink{color:red;background:#056ef0;width:200px}

/*# sourceMappingURL=myBundle-default.min.css.map*/"
`;

exports[`Compiles CSS within webpack, extracts CSS ('extractCSS' object option) 1`] = `
Object {
  "status": 0,
  "stdall": "
[__:__:__] Starting Crafty __version__...
[__:__:__] Files will be stored in:
            css: __PATH__/packages/integration/fixtures/crafty-preset-postcss-webpack/extract-object/dist/css
           js: __PATH__/packages/integration/fixtures/crafty-preset-postcss-webpack/extract-object/dist/js
[__:__:__] Starting 'default' ...
[__:__:__] Starting 'js' ...
[__:__:__] Starting 'js_myBundle' ...
  size  name     module                       status
  1 kB  0        multi ./js/app.js            built
  1 kB  1        ./css/style.scss             built
  1 kB  2        ./js/app.js + 1 modules      built

  size  name     asset                        status
  1 kB  default  myBundle-object.min.css      emitted
  1 kB  default  myBundle-object.min.css.map  emitted
  1 kB  default  myBundle.min.js              emitted
  1 kB  default  myBundle.min.js.map          emitted

  (1 module hidden)

  Compiled successfully!
  Δt ____ms

[__:__:__] Finished 'js_myBundle' after ____ ms
[__:__:__] Finished 'js' after ____ ms
[__:__:__] Finished 'default' after ____ ms
",
}
`;

exports[`Compiles CSS within webpack, extracts CSS ('extractCSS' object option) 2`] = `
"(function(e,t){if(\\"object\\"===typeof exports&&\\"object\\"===typeof module)module.exports=t();else if(\\"function\\"===typeof define&&define.amd)define([],t);else{var n=t();for(var r in n)(\\"object\\"===typeof exports?exports:e)[r]=n[r]}})(window,(function(){return function(e){var t={};function n(r){if(t[r])return t[r].exports;var o=t[r]={i:r,l:false,exports:{}};return e[r].call(o.exports,o,o.exports,n),o.l=true,o.exports}return n.m=e,n.c=t,n.d=function(e,t,r){n.o(e,t)||Object.defineProperty(e,t,{enumerable:true,get:r})},n.r=function(e){\\"undefined\\"!==typeof Symbol&&Symbol.toStringTag&&Object.defineProperty(e,Symbol.toStringTag,{value:\\"Module\\"}),Object.defineProperty(e,\\"__esModule\\",{value:true})},n.t=function(e,t){if(1&t&&(e=n(e)),8&t)return e;if(4&t&&\\"object\\"===typeof e&&e&&e.__esModule)return e;var r=Object.create(null);if(n.r(r),Object.defineProperty(r,\\"default\\",{enumerable:true,value:e}),2&t&&\\"string\\"!=typeof e)for(var o in e)n.d(r,o,function(t){return e[t]}.bind(null,o));return r},n.n=function(e){var t=e&&e.__esModule?function(){return e.default}:function(){return e};return n.d(t,\\"a\\",t),t},n.o=function(e,t){return Object.prototype.hasOwnProperty.call(e,t)},n.p=\\"\\",n(n.s=0)}([function(e,t,n){e.exports=n(2)},function(e,t,n){},function(e,t,n){\\"use strict\\";function r(e,t){if(!(e instanceof t))throw new TypeError(\\"Cannot call a class as a function\\")}n.r(t);n(1);n.d(t,\\"default\\",(function(){return o}));var o=function e(){r(this,e)}}])}));
//# sourceMappingURL=myBundle.min.js.map"
`;

exports[`Compiles CSS within webpack, extracts CSS ('extractCSS' object option) 3`] = `
"a{color:#00f}.Child{background:#000}.Parent{background:#fff}.Parent--before{color:#333}.Parent--after{color:#eee}.Button{color:orange}.Menu{width:800px}.MenuLink{color:red;background:#056ef0;width:200px}

/*# sourceMappingURL=myBundle-object.min.css.map*/"
`;

exports[`Compiles CSS within webpack, extracts CSS ('extractCSS' string option) 1`] = `
Object {
  "status": 0,
  "stdall": "
[__:__:__] Starting Crafty __version__...
[__:__:__] Files will be stored in:
            css: __PATH__/packages/integration/fixtures/crafty-preset-postcss-webpack/extract-string/dist/css
           js: __PATH__/packages/integration/fixtures/crafty-preset-postcss-webpack/extract-string/dist/js
[__:__:__] Starting 'default' ...
[__:__:__] Starting 'js' ...
[__:__:__] Starting 'js_myBundle' ...
  size  name     module                       status
  1 kB  0        multi ./js/app.js            built
  1 kB  1        ./css/style.scss             built
  1 kB  2        ./js/app.js + 1 modules      built

  size  name     asset                        status
  1 kB  default  myBundle-string.min.css      emitted
  1 kB  default  myBundle-string.min.css.map  emitted
  1 kB  default  myBundle.min.js              emitted
  1 kB  default  myBundle.min.js.map          emitted

  (1 module hidden)

  Compiled successfully!
  Δt ____ms

[__:__:__] Finished 'js_myBundle' after ____ ms
[__:__:__] Finished 'js' after ____ ms
[__:__:__] Finished 'default' after ____ ms
",
}
`;

exports[`Compiles CSS within webpack, extracts CSS ('extractCSS' string option) 2`] = `
"(function(e,t){if(\\"object\\"===typeof exports&&\\"object\\"===typeof module)module.exports=t();else if(\\"function\\"===typeof define&&define.amd)define([],t);else{var n=t();for(var r in n)(\\"object\\"===typeof exports?exports:e)[r]=n[r]}})(window,(function(){return function(e){var t={};function n(r){if(t[r])return t[r].exports;var o=t[r]={i:r,l:false,exports:{}};return e[r].call(o.exports,o,o.exports,n),o.l=true,o.exports}return n.m=e,n.c=t,n.d=function(e,t,r){n.o(e,t)||Object.defineProperty(e,t,{enumerable:true,get:r})},n.r=function(e){\\"undefined\\"!==typeof Symbol&&Symbol.toStringTag&&Object.defineProperty(e,Symbol.toStringTag,{value:\\"Module\\"}),Object.defineProperty(e,\\"__esModule\\",{value:true})},n.t=function(e,t){if(1&t&&(e=n(e)),8&t)return e;if(4&t&&\\"object\\"===typeof e&&e&&e.__esModule)return e;var r=Object.create(null);if(n.r(r),Object.defineProperty(r,\\"default\\",{enumerable:true,value:e}),2&t&&\\"string\\"!=typeof e)for(var o in e)n.d(r,o,function(t){return e[t]}.bind(null,o));return r},n.n=function(e){var t=e&&e.__esModule?function(){return e.default}:function(){return e};return n.d(t,\\"a\\",t),t},n.o=function(e,t){return Object.prototype.hasOwnProperty.call(e,t)},n.p=\\"\\",n(n.s=0)}([function(e,t,n){e.exports=n(2)},function(e,t,n){},function(e,t,n){\\"use strict\\";function r(e,t){if(!(e instanceof t))throw new TypeError(\\"Cannot call a class as a function\\")}n.r(t);n(1);n.d(t,\\"default\\",(function(){return o}));var o=function e(){r(this,e)}}])}));
//# sourceMappingURL=myBundle.min.js.map"
`;

exports[`Compiles CSS within webpack, extracts CSS ('extractCSS' string option) 3`] = `
"a{color:#00f}.Child{background:#000}.Parent{background:#fff}.Parent--before{color:#333}.Parent--after{color:#eee}.Button{color:orange}.Menu{width:800px}.MenuLink{color:red;background:#056ef0;width:200px}

/*# sourceMappingURL=myBundle-string.min.css.map*/"
`;

exports[`Fails gracefully on broken markup 1`] = `
Object {
  "status": 1,
  "stdall": "
[__:__:__] Starting Crafty __version__...
[__:__:__] Files will be stored in:
            css: __PATH__/packages/integration/fixtures/crafty-preset-postcss-webpack/fails/dist/css
           js: __PATH__/packages/integration/fixtures/crafty-preset-postcss-webpack/fails/dist/js
[__:__:__] Starting 'default' ...
[__:__:__] Starting 'js' ...
[__:__:__] Starting 'js_myBundle' ...
  size  name  module                           status
  1 kB  0     multi ./js/app.js                built
  1 kB  1     ./css/style.scss                 built
  1 kB  3     postcss-loader!./css/style.scss  built failed ✖
  1 kB  4     ./js/app.js + 1 modules          built ✖

  (2 assets, 1 module hidden)

  Failed to compile.

./css/style.scss (__PATH__/node_modules/css-loader/dist/cjs.js??ref--4-1!__PATH__/node_modules/postcss-loader/src??ref--4-2!./css/style.scss)
Syntax error: Unknown word (10:13)

   8 |     @at-root {
   9 |         .Child
> 10 |             background: black;
     |             ^
  11 |         }
  12 |     }

  Δt ____ms ✖ 1 problem (1 error, 0 warnings)

[__:__:__] 'js_myBundle' errored after ____ ms
[__:__:__] Webpack compilation failed
[__:__:__] 'js' errored after ____ ms
[__:__:__] 'default' errored after ____ ms
",
}
`;
