// Jest Snapshot v1, https://goo.gl/fbAQLP

exports[`Compiles Only with Webpack 1`] = `
Object {
  "status": 0,
  "stdall": "
[__:__:__] Starting Crafty __version__...
[__:__:__] Files will be stored in:

[__:__:__] Starting 'default' ...
[__:__:__] Starting 'js' ...
[__:__:__] Starting 'js_myBundle' ...
  size  name     module                 status
  1 kB  0        multi ./js/script.js   built
  1 kB  1        ./js/script.js         built
  1 kB  2        ./js/SomeClass.js      built

  size  name     asset                  status
  1 kB  js       1.myBundle.min.js      emitted
  1 kB  map      1.myBundle.min.js.map  emitted
  1 kB  default  myBundle.min.js        emitted
  1 kB  default  myBundle.min.js.map    emitted

  Compiled successfully!
  Δt ____ms

[__:__:__] Finished 'js_myBundle' after ____ ms
[__:__:__] Finished 'js' after ____ ms
[__:__:__] Finished 'default' after ____ ms
",
}
`;

exports[`Compiles Only with Webpack 2`] = `
"(function(e,t){if(\\"object\\"===typeof exports&&\\"object\\"===typeof module)module.exports=t();else if(\\"function\\"===typeof define&&define.amd)define([],t);else{var n=t();for(var r in n)(\\"object\\"===typeof exports?exports:e)[r]=n[r]}})(window,(function(){return function(e){function t(t){var n=t[0];var o=t[1];var i,u,a=0,c=[];for(;a<n.length;a++)u=n[a],Object.prototype.hasOwnProperty.call(r,u)&&r[u]&&c.push(r[u][0]),r[u]=0;for(i in o)Object.prototype.hasOwnProperty.call(o,i)&&(e[i]=o[i]);f&&f(t);while(c.length)c.shift()()}var n={};var r={0:0};function o(e){return i.p+\\"\\"+({}[e]||e)+\\".myBundle.min.js\\"}function i(t){if(n[t])return n[t].exports;var r=n[t]={i:t,l:!1,exports:{}};return e[t].call(r.exports,r,r.exports,i),r.l=!0,r.exports}i.e=function(e){var t=[];var n=r[e];if(0!==n)if(n)t.push(n[2]);else{var u=new Promise((function(t,o){n=r[e]=[t,o]}));t.push(n[2]=u);var a=document.createElement(\\"script\\");var c;a.charset=\\"utf-8\\",a.timeout=120,i.nc&&a.setAttribute(\\"nonce\\",i.nc),a.src=o(e);var f=new Error;c=function(t){a.onerror=a.onload=null,clearTimeout(l);var n=r[e];if(0!==n){if(n){var o=t&&(\\"load\\"===t.type?\\"missing\\":t.type);var i=t&&t.target&&t.target.src;f.message=\\"Loading chunk \\"+e+\\" failed.\\\\n(\\"+o+\\": \\"+i+\\")\\",f.name=\\"ChunkLoadError\\",f.type=o,f.request=i,n[1](f)}r[e]=void 0}};var l=setTimeout((function(){c({type:\\"timeout\\",target:a})}),12e4);a.onerror=a.onload=c,document.head.appendChild(a)}return Promise.all(t)},i.m=e,i.c=n,i.d=function(e,t,n){i.o(e,t)||Object.defineProperty(e,t,{enumerable:!0,get:n})},i.r=function(e){\\"undefined\\"!==typeof Symbol&&Symbol.toStringTag&&Object.defineProperty(e,Symbol.toStringTag,{value:\\"Module\\"}),Object.defineProperty(e,\\"__esModule\\",{value:!0})},i.t=function(e,t){if(1&t&&(e=i(e)),8&t)return e;if(4&t&&\\"object\\"===typeof e&&e&&e.__esModule)return e;var n=Object.create(null);if(i.r(n),Object.defineProperty(n,\\"default\\",{enumerable:!0,value:e}),2&t&&\\"string\\"!=typeof e)for(var r in e)i.d(n,r,function(t){return e[t]}.bind(null,r));return n},i.n=function(e){var t=e&&e.__esModule?function(){return e.default}:function(){return e};return i.d(t,\\"a\\",t),t},i.o=function(e,t){return Object.prototype.hasOwnProperty.call(e,t)},i.p=\\"\\",i.oe=function(e){throw console.error(e),e};var u=window.webpackJsonp_UNIQID=window.webpackJsonp_UNIQID||[];var a=u.push.bind(u);u.push=t,u=u.slice();for(var c=0;c<u.length;c++)t(u[c]);var f=a;return i(i.s=0)}([function(e,t,n){e.exports=n(1)},function(e,t,n){\\"use strict\\";n.r(t),n.d(t,\\"default\\",(function(){return r}));class r{constructor(){console.log(\\"init class\\")}method(){n.e(1).then(n.bind(null,2)).then((function(e){const t=new e.default(\\"Bill\\");t.sayHi()}))}}}])}));
//# sourceMappingURL=myBundle.min.js.map"
`;

exports[`Compiles Only with Webpack 3`] = `
"(window.webpackJsonp_UNIQID=window.webpackJsonp_UNIQID||[]).push([[1],{2:function(s,n,o){\\"use strict\\";o.r(n),o.d(n,\\"default\\",(function(){return i}));class i{constructor(s){this.field=s}sayHi(){console.log(this.field)}}}}]);
//# sourceMappingURL=1.myBundle.min.js.map"
`;

exports[`Fails gracefully on broken markup 1`] = `
Object {
  "status": 1,
  "stdall": "
[__:__:__] Starting Crafty __version__...
[__:__:__] Files will be stored in:

[__:__:__] Starting 'default' ...
[__:__:__] Starting 'js' ...
[__:__:__] Starting 'js_myBundle' ...
  size  name  module                status
  1 kB  0     multi ./js/script.js  built
  1 kB  1     ./js/script.js        built failed ✖

  (2 assets hidden)

  Failed to compile.

./js/script.js 15:0
Module parse failed: Unexpected token (15:0)
You may need an appropriate loader to handle this file type, currently no loaders are configured to process this file. See https://webpack.js.org/concepts#loaders
|
| }
>

  Δt ____ms ✖ 1 problem (1 error, 0 warnings)

[__:__:__] 'js_myBundle' errored after ____ ms
[__:__:__] Webpack compilation failed
[__:__:__] 'js' errored after ____ ms
[__:__:__] 'default' errored after ____ ms
",
}
`;
